// Jest Snapshot v1, https://goo.gl/fbAQLP

exports[`Home page renders external site correctly 1`] = `
<div>
  <div>
    <div>
      Pyrefly: A Static Type Checker for Python
    </div>
    <div>
      Pyrefly is a static type checker for Python
    </div>
    <div>
      <header>
        <section>
          <img
            alt="Pyrefly Logo"
            src="/img/Pyrefly-Brandmark-Invert.svg"
          />
        </section>
        <p>
          <span>
            A faster Python type checker written in Rust
          </span>
        </p>
        <section>
          <a
            href="/try/"
          >
             
            Try Demo
             
          </a>
          <div>
            <a
              href="/en/docs/"
            >
               
              Read Docs
               
            </a>
            <a
              href="https://github.com/facebook/pyrefly/milestone/1"
            >
               
              Github ↗
               
            </a>
          </div>
        </section>
        <section>
          <p>
            Launching Spring 2025
          </p>
        </section>
        <section>
          <li
            id="firefly"
          />
          <li
            id="firefly"
          />
          <li
            id="firefly"
          />
          <li
            id="firefly"
          />
          <li
            id="firefly"
          />
        </section>
      </header>
    </div>
  </div>
</div>
`;

exports[`Home page renders internal site correctly 1`] = `
<div>
  <div>
    <div>
      Pyrefly: A Static Type Checker for Python
    </div>
    <div>
      Pyrefly is a static type checker for Python
    </div>
    <div>
      <header>
        <section>
          <img
            alt="Pyrefly Logo"
            src="/img/Pyrefly-Brandmark-Invert.svg"
          />
        </section>
        <p>
          <span>
            A faster Python type checker written in Rust
          </span>
        </p>
        <section>
          <a
            href="/try/"
          >
             
            Try Demo
             
          </a>
          <div>
            <a
              href="/en/docs/"
            >
               
              Read Docs
               
            </a>
            <a
              href="https://github.com/facebook/pyrefly/milestone/1"
            >
               
              Github ↗
               
            </a>
          </div>
        </section>
        <section>
          <p>
            Launching Spring 2025
          </p>
        </section>
        <section>
          <li
            id="firefly"
          />
          <li
            id="firefly"
          />
          <li
            id="firefly"
          />
          <li
            id="firefly"
          />
          <li
            id="firefly"
          />
        </section>
      </header>
      <section
        id="why-pyrefly-section"
      >
        <div />
        <div
          class="container"
        >
          <div>
            <div>
              <div
                style="transition-delay: 0s;"
              >
                <h3>
                  Scale with Confidence
                </h3>
                <p>
                  Typecheck 1.8 million lines of code per second
                </p>
              </div>
              <div
                style="transition-delay: 0.05s;"
              >
                <h3>
                  Developer Delight
                </h3>
                <p>
                  Catch errors as you write code, and get instant feedback right in your favorite editor
                </p>
              </div>
              <div
                style="transition-delay: 0.1s;"
              >
                <h3>
                  Easy Onboarding
                </h3>
                <p>
                  Start type checking your code in minutes
                </p>
              </div>
              <div
                style="transition-delay: 0.15000000000000002s;"
              >
                <h3>
                  Codebase Clarity
                </h3>
                <p>
                  Improve code readability and maintainability with precise type annotations
                </p>
              </div>
              <div
                style="transition-delay: 0.2s;"
              >
                <h3>
                  Tooling for Improving Types
                </h3>
                <p>
                  Comes packaged with tools to elevate your type coverage from 0 to 100
                </p>
              </div>
              <div
                style="transition-delay: 0.25s;"
              >
                <h3>
                  Fully Featured
                </h3>
                <p>
                  Actively under development. Follows the official Python typing specification.
                </p>
              </div>
            </div>
            <section>
              <li
                id="firefly"
              />
              <li
                id="firefly"
              />
              <li
                id="firefly"
              />
            </section>
          </div>
        </div>
      </section>
      <section
        id="performance-comparison-section"
      >
        <div />
        <div />
        <div
          class="container"
        >
          <h2>
            Performance Comparison
          </h2>
          <div>
            <div>
              <button>
                PyTorch
              </button>
              <button>
                Instagram
              </button>
              <button>
                Example
              </button>
            </div>
            <div>
              <div>
                <div>
                  <span>
                    <strong>
                      Pyrefly
                    </strong>
                  </span>
                  <div>
                    <div
                      style="height: 80%; width: 3.3333333333333335%;"
                    >
                      <div
                        style="animation-duration: 0.5s;"
                      />
                    </div>
                  </div>
                  <span>
                    <strong>
                      0s
                    </strong>
                  </span>
                </div>
                <div>
                  <span>
                    <strong>
                      MyPy
                    </strong>
                  </span>
                  <div>
                    <div
                      style="height: 80%; width: 53.333333333333336%;"
                    >
                      <div
                        style="animation-duration: 8s;"
                      />
                    </div>
                  </div>
                  <span>
                    <strong>
                      0s
                    </strong>
                  </span>
                </div>
                <div>
                  <span>
                    <strong>
                      Pyright
                    </strong>
                  </span>
                  <div>
                    <div
                      style="height: 80%; width: 33.33333333333333%;"
                    >
                      <div
                        style="animation-duration: 5s;"
                      />
                    </div>
                  </div>
                  <span>
                    <strong>
                      0s
                    </strong>
                  </span>
                </div>
                <div>
                  <span>
                    <strong>
                      Pytype
                    </strong>
                  </span>
                  <div>
                    <div
                      style="height: 80%; width: 80%;"
                    >
                      <div
                        style="animation-duration: 12s;"
                      />
                    </div>
                  </div>
                  <span>
                    <strong>
                      0s
                    </strong>
                  </span>
                </div>
                <div>
                  <span>
                    <strong>
                      Pyre1
                    </strong>
                  </span>
                  <div>
                    <div
                      style="height: 80%; width: 100%;"
                    >
                      <div
                        style="animation-duration: 15s;"
                      />
                    </div>
                  </div>
                  <span>
                    <strong>
                      0s
                    </strong>
                  </span>
                </div>
              </div>
            </div>
          </div>
        </div>
      </section>
      <section
        id="quotes-section"
      >
        <div />
        <div
          class="container"
        >
          <h2>
            Don't just take our word for it
          </h2>
          <div>
            <div>
              <div>
                <p>
                  Pyre and Lint are hands down the most important investments Instagram has made into engineering productivity for our Python codebase. We could not have maintained our product dev velocity with so many people working in the codebase, all while serving 2 billion active users, without the safety and security of static analysis.
                </p>
                <div>
                  <strong>
                    &lt;TO BE ADDED&gt;
                  </strong>
                  <span>
                    Instagram Leadership
                  </span>
                </div>
              </div>
              <div>
                <p>
                  The enhanced type system and clear error messages have made our codebase more maintainable and easier to debug.
                </p>
                <div>
                  <strong>
                    &lt;TO BE ADDED&gt;
                  </strong>
                  <span>
                    core Contributor, PyTorch
                  </span>
                </div>
              </div>
              <div>
                <p>
                  As an early adopter, I'm impressed by Pyrefly's extensibility and the active community support. It's the future of Python type checking.
                </p>
                <div>
                  <strong>
                    &lt;TO BE ADDED&gt;
                  </strong>
                  <span>
                    &lt;Open Source Project Name - TO BE ADDED&gt;
                  </span>
                </div>
              </div>
            </div>
            <section>
              <li
                id="firefly"
              />
              <li
                id="firefly"
              />
              <li
                id="firefly"
              />
            </section>
          </div>
        </div>
      </section>
    </div>
  </div>
</div>
`;
